{
    "ID": "87F10ACBF5E7DAE3",
    "Fingerprint": "select date_format(t.last_update,?), count(distinct(t.city)) from city t where t.last_update> ? and t.city like ? and t.city=? group by date_format(t.last_update,?) order by date_format(t.last_update,?)",
    "Score": 40,
    "Sample": "SELECT DATE_FORMAT(t.last_update,'%Y-%m-%d'), COUNT(DISTINCT(t.city)) FROM city t WHERE t.last_update> '2018-10-22 00:00:00' AND t.city LIKE '%Chrome%' AND t.city='eip' GROUP BY DATE_FORMAT(t.last_update,'%Y-%m-%d') ORDER BY DATE_FORMAT(t.last_update,'%Y-%m-%d')",
    "Explain": null,
    "HeuristicRules": [
        {
            "Item": "ALI.001",
            "Severity": "L0",
            "Summary": "\u5efa\u8bae\u4f7f\u7528 AS \u5173\u952e\u5b57\u663e\u793a\u58f0\u660e\u4e00\u4e2a\u522b\u540d",
            "Content": "\u5728\u5217\u6216\u8868\u522b\u540d(\u5982\"tbl AS alias\")\u4e2d, \u660e\u786e\u4f7f\u7528 AS \u5173\u952e\u5b57\u6bd4\u9690\u542b\u522b\u540d(\u5982\"tbl alias\")\u66f4\u6613\u61c2\u3002",
            "Case": "select name from tbl t1 where id < 1000",
            "Position": 0
        },
        {
            "Item": "ARG.001",
            "Severity": "L4",
            "Summary": "\u4e0d\u5efa\u8bae\u4f7f\u7528\u524d\u9879\u901a\u914d\u7b26\u67e5\u627e",
            "Content": "\u4f8b\u5982 \"\uff05foo\"\uff0c\u67e5\u8be2\u53c2\u6570\u6709\u4e00\u4e2a\u524d\u9879\u901a\u914d\u7b26\u7684\u60c5\u51b5\u65e0\u6cd5\u4f7f\u7528\u5df2\u6709\u7d22\u5f15\u3002",
            "Case": "select c1,c2,c3 from tbl where name like '%foo'",
            "Position": 0
        },
        {
            "Item": "CLA.009",
            "Severity": "L2",
            "Summary": "ORDER BY \u7684\u6761\u4ef6\u4e3a\u8868\u8fbe\u5f0f",
            "Content": "\u5f53 ORDER BY \u6761\u4ef6\u4e3a\u8868\u8fbe\u5f0f\u6216\u51fd\u6570\u65f6\u4f1a\u4f7f\u7528\u5230\u4e34\u65f6\u8868\uff0c\u5982\u679c\u5728\u672a\u6307\u5b9a WHERE \u6216 WHERE \u6761\u4ef6\u8fd4\u56de\u7684\u7ed3\u679c\u96c6\u8f83\u5927\u65f6\u6027\u80fd\u4f1a\u5f88\u5dee\u3002",
            "Case": "select description from film where title ='ACADEMY DINOSAUR' order by length-language_id;",
            "Position": 0
        },
        {
            "Item": "CLA.010",
            "Severity": "L2",
            "Summary": "GROUP BY \u7684\u6761\u4ef6\u4e3a\u8868\u8fbe\u5f0f",
            "Content": "\u5f53 GROUP BY \u6761\u4ef6\u4e3a\u8868\u8fbe\u5f0f\u6216\u51fd\u6570\u65f6\u4f1a\u4f7f\u7528\u5230\u4e34\u65f6\u8868\uff0c\u5982\u679c\u5728\u672a\u6307\u5b9a WHERE \u6216 WHERE \u6761\u4ef6\u8fd4\u56de\u7684\u7ed3\u679c\u96c6\u8f83\u5927\u65f6\u6027\u80fd\u4f1a\u5f88\u5dee\u3002",
            "Case": "select description from film where title ='ACADEMY DINOSAUR' GROUP BY length-language_id;",
            "Position": 0
        },
        {
            "Item": "KEY.008",
            "Severity": "L4",
            "Summary": "ORDER BY \u591a\u4e2a\u5217\u4f46\u6392\u5e8f\u65b9\u5411\u4e0d\u540c\u65f6\u53ef\u80fd\u65e0\u6cd5\u4f7f\u7528\u7d22\u5f15",
            "Content": "\u5728 MySQL 8.0 \u4e4b\u524d\u5f53 ORDER BY \u591a\u4e2a\u5217\u6307\u5b9a\u7684\u6392\u5e8f\u65b9\u5411\u4e0d\u540c\u65f6\u5c06\u65e0\u6cd5\u4f7f\u7528\u5df2\u7ecf\u5efa\u7acb\u7684\u7d22\u5f15\u3002",
            "Case": "SELECT * FROM tbl ORDER BY a DESC, b ASC;",
            "Position": 0
        }
    ],
    "IndexRules": null,
    "Tables": [
        "`information_schema`.`city`"
    ]
}
