{
    "ID": "3656B13CC4F888E2",
    "Fingerprint": "insert into city (country_id) select country_id from country",
    "Score": 65,
    "Sample": "INSERT INTO city (country_id) SELECT country_id FROM country",
    "Explain": null,
    "HeuristicRules": [
        {
            "Item": "CLA.001",
            "Severity": "L4",
            "Summary": "\u6700\u5916\u5c42 SELECT \u672a\u6307\u5b9a WHERE \u6761\u4ef6",
            "Content": "SELECT \u8bed\u53e5\u6ca1\u6709 WHERE \u5b50\u53e5\uff0c\u53ef\u80fd\u68c0\u67e5\u6bd4\u9884\u671f\u66f4\u591a\u7684\u884c(\u5168\u8868\u626b\u63cf)\u3002\u5bf9\u4e8e SELECT COUNT(*) \u7c7b\u578b\u7684\u8bf7\u6c42\u5982\u679c\u4e0d\u8981\u6c42\u7cbe\u5ea6\uff0c\u5efa\u8bae\u4f7f\u7528 SHOW TABLE STATUS \u6216 EXPLAIN \u66ff\u4ee3\u3002",
            "Case": "select id from tbl",
            "Position": 0
        },
        {
            "Item": "LCK.001",
            "Severity": "L3",
            "Summary": "INSERT INTO xx SELECT \u52a0\u9501\u7c92\u5ea6\u8f83\u5927\u8bf7\u8c28\u614e",
            "Content": "INSERT INTO xx SELECT \u52a0\u9501\u7c92\u5ea6\u8f83\u5927\u8bf7\u8c28\u614e",
            "Case": "INSERT INTO tbl SELECT * FROM tbl2;",
            "Position": 0
        }
    ],
    "IndexRules": null,
    "Tables": [
        "`information_schema`.`city`",
        "`information_schema`.`country`"
    ]
}
