[
 {
  "ID": "AC1BF726F2AB10C5",
  "Fingerprint": "select * from foo",
  "Score": 75,
  "Sample": "select * from foo",
  "Explain": null,
  "HeuristicRules": [
    {
      "Item": "CLA.001",
      "Severity": "L4",
      "Summary": "最外层 SELECT 未指定 WHERE 条件",
      "Content": "SELECT 语句没有 WHERE 子句，可能检查比预期更多的行(全表扫描)。对于 SELECT COUNT(*) 类型的请求如果不要求精度，建议使用 SHOW TABLE STATUS 或 EXPLAIN 替代。",
      "Case": "select id from tbl",
      "Position": 0
    },
    {
      "Item": "COL.001",
      "Severity": "L1",
      "Summary": "不建议使用 SELECT * 类型查询",
      "Content": "当表结构变更时，使用 * 通配符选择所有列将导致查询的含义和行为会发生更改，可能导致查询返回更多的数据。",
      "Case": "select * from tbl where id=1",
      "Position": 0
    }
  ],
  "IndexRules": null,
  "Tables": [
    "`you_dbname`.`foo`"
  ]
} 
]
