{
    "ID": "D0870E395F2CA834",
    "Fingerprint": "create table `users` ( `id` bigint unsigned not null auto_increment, `name` varchar(?) collate utf8mb4_unicode_ci not ?, `email` varchar(?) collate utf8mb4_unicode_ci not ?, `email_verified_at` timestamp ? default ?, `password` varchar(?) collate utf8mb4_unicode_ci not ?, `remember_token` varchar(?) collate utf8mb4_unicode_ci default ?, `created_at` timestamp ? default ?, `updated_at` timestamp ? default ?, primary key (`id`), unique key `users_email_unique` (`email`) ) engine=innodb default charset=utf8mb4 collate=utf8mb4_unicode_ci",
    "Score": 75,
    "Sample": "CREATE TABLE `users` (\n  `id` bigint unsigned NOT NULL AUTO_INCREMENT,\n  `name` varchar(255) COLLATE utf8mb4_unicode_ci NOT NULL,\n  `email` varchar(255) COLLATE utf8mb4_unicode_ci NOT NULL,\n  `email_verified_at` timestamp NULL DEFAULT NULL,\n  `password` varchar(255) COLLATE utf8mb4_unicode_ci NOT NULL,\n  `remember_token` varchar(100) COLLATE utf8mb4_unicode_ci DEFAULT NULL,\n  `created_at` timestamp NULL DEFAULT NULL,\n  `updated_at` timestamp NULL DEFAULT NULL,\n  PRIMARY KEY (`id`),\n  UNIQUE KEY `users_email_unique` (`email`)\n) ENGINE=InnoDB DEFAULT CHARSET=utf8mb4 COLLATE=utf8mb4_unicode_ci",
    "Explain": null,
    "HeuristicRules": [
        {
            "Item": "CLA.011",
            "Severity": "L1",
            "Summary": "\u5efa\u8bae\u4e3a\u8868\u6dfb\u52a0\u6ce8\u91ca",
            "Content": "\u4e3a\u8868\u6dfb\u52a0\u6ce8\u91ca\u80fd\u591f\u4f7f\u5f97\u8868\u7684\u610f\u4e49\u66f4\u660e\u786e\uff0c\u4ece\u800c\u4e3a\u65e5\u540e\u7684\u7ef4\u62a4\u5e26\u6765\u6781\u5927\u7684\u4fbf\u5229\u3002",
            "Case": "CREATE TABLE `test1` (`ID` bigint(20) NOT NULL AUTO_INCREMENT,`c1` varchar(128) DEFAULT NULL,PRIMARY KEY (`ID`)) ENGINE=InnoDB DEFAULT CHARSET=utf8",
            "Position": 0
        },
        {
            "Item": "COL.004",
            "Severity": "L1",
            "Summary": "\u8bf7\u4e3a\u5217\u6dfb\u52a0\u9ed8\u8ba4\u503c",
            "Content": "\u8bf7\u4e3a\u5217\u6dfb\u52a0\u9ed8\u8ba4\u503c\uff0c\u5982\u679c\u662f ALTER \u64cd\u4f5c\uff0c\u8bf7\u4e0d\u8981\u5fd8\u8bb0\u5c06\u539f\u5b57\u6bb5\u7684\u9ed8\u8ba4\u503c\u5199\u4e0a\u3002\u5b57\u6bb5\u65e0\u9ed8\u8ba4\u503c\uff0c\u5f53\u8868\u8f83\u5927\u65f6\u65e0\u6cd5\u5728\u7ebf\u53d8\u66f4\u8868\u7ed3\u6784\u3002",
            "Case": "CREATE TABLE tbl (col int) ENGINE=InnoDB;",
            "Position": 0
        },
        {
            "Item": "COL.005",
            "Severity": "L1",
            "Summary": "\u5217\u672a\u6dfb\u52a0\u6ce8\u91ca",
            "Content": "\u5efa\u8bae\u5bf9\u8868\u4e2d\u6bcf\u4e2a\u5217\u6dfb\u52a0\u6ce8\u91ca\uff0c\u6765\u660e\u786e\u6bcf\u4e2a\u5217\u5728\u8868\u4e2d\u7684\u542b\u4e49\u53ca\u4f5c\u7528\u3002",
            "Case": "CREATE TABLE tbl (col int) ENGINE=InnoDB;",
            "Position": 0
        },
        {
            "Item": "KWR.003",
            "Severity": "L1",
            "Summary": "\u4e0d\u5efa\u8bae\u4f7f\u7528\u590d\u6570\u505a\u5217\u540d\u6216\u8868\u540d",
            "Content": "\u8868\u540d\u5e94\u8be5\u4ec5\u4ec5\u8868\u793a\u8868\u91cc\u9762\u7684\u5b9e\u4f53\u5185\u5bb9\uff0c\u4e0d\u5e94\u8be5\u8868\u793a\u5b9e\u4f53\u6570\u91cf\uff0c\u5bf9\u5e94\u4e8e DO \u7c7b\u540d\u4e5f\u662f\u5355\u6570\u5f62\u5f0f\uff0c\u7b26\u5408\u8868\u8fbe\u4e60\u60ef\u3002",
            "Case": "CREATE TABLE tbl ( `books` int )",
            "Position": 0
        },
        {
            "Item": "SEC.002",
            "Severity": "L0",
            "Summary": "\u4e0d\u4f7f\u7528\u660e\u6587\u5b58\u50a8\u5bc6\u7801",
            "Content": "\u4f7f\u7528\u660e\u6587\u5b58\u50a8\u5bc6\u7801\u6216\u8005\u4f7f\u7528\u660e\u6587\u5728\u7f51\u7edc\u4e0a\u4f20\u9012\u5bc6\u7801\u90fd\u662f\u4e0d\u5b89\u5168\u7684\u3002\u5982\u679c\u653b\u51fb\u8005\u80fd\u591f\u622a\u83b7\u60a8\u7528\u6765\u63d2\u5165\u5bc6\u7801\u7684SQL\u8bed\u53e5\uff0c\u4ed6\u4eec\u5c31\u80fd\u76f4\u63a5\u8bfb\u5230\u5bc6\u7801\u3002\u53e6\u5916\uff0c\u5c06\u7528\u6237\u8f93\u5165\u7684\u5b57\u7b26\u4e32\u4ee5\u660e\u6587\u7684\u5f62\u5f0f\u63d2\u5165\u5230\u7eafSQL\u8bed\u53e5\u4e2d\uff0c\u4e5f\u4f1a\u8ba9\u653b\u51fb\u8005\u53d1\u73b0\u5b83\u3002\u5982\u679c\u60a8\u80fd\u591f\u8bfb\u53d6\u5bc6\u7801\uff0c\u9ed1\u5ba2\u4e5f\u53ef\u4ee5\u3002\u89e3\u51b3\u65b9\u6848\u662f\u4f7f\u7528\u5355\u5411\u54c8\u5e0c\u51fd\u6570\u5bf9\u539f\u59cb\u5bc6\u7801\u8fdb\u884c\u52a0\u5bc6\u7f16\u7801\u3002\u54c8\u5e0c\u662f\u6307\u5c06\u8f93\u5165\u5b57\u7b26\u4e32\u8f6c\u5316\u6210\u53e6\u4e00\u4e2a\u65b0\u7684\u3001\u4e0d\u53ef\u8bc6\u522b\u7684\u5b57\u7b26\u4e32\u7684\u51fd\u6570\u3002\u5bf9\u5bc6\u7801\u52a0\u5bc6\u8868\u8fbe\u5f0f\u52a0\u70b9\u968f\u673a\u4e32\u6765\u9632\u5fa1\u201c\u5b57\u5178\u653b\u51fb\u201d\u3002\u4e0d\u8981\u5c06\u660e\u6587\u5bc6\u7801\u8f93\u5165\u5230SQL\u67e5\u8be2\u8bed\u53e5\u4e2d\u3002\u5728\u5e94\u7528\u7a0b\u5e8f\u4ee3\u7801\u4e2d\u8ba1\u7b97\u54c8\u5e0c\u4e32\uff0c\u53ea\u5728SQL\u67e5\u8be2\u4e2d\u4f7f\u7528\u54c8\u5e0c\u4e32\u3002",
            "Case": "create table test(id int,name varchar(20) not null,password varchar(200)not null)",
            "Position": 0
        },
        {
            "Item": "STA.003",
            "Severity": "L1",
            "Summary": "\u7d22\u5f15\u8d77\u540d\u4e0d\u89c4\u8303",
            "Content": "\u5efa\u8bae\u666e\u901a\u4e8c\u7ea7\u7d22\u5f15\u4ee5idx_\u4e3a\u524d\u7f00\uff0c\u552f\u4e00\u7d22\u5f15\u4ee5uk_\u4e3a\u524d\u7f00\u3002",
            "Case": "select col from now where type!=0",
            "Position": 0
        }
    ],
    "IndexRules": null,
    "Tables": [
        "`information_schema`.`users`"
    ]
}
