{
    "ID": "9BB74D074BA0727C",
    "Fingerprint": "alter table inventory add index `idx_store_film` (`store_id`,`film_id`),add index `idx_store_film` (`store_id`,`film_id`),add index `idx_store_film` (`store_id`,`film_id`)",
    "Score": 100,
    "Sample": "ALTER TABLE inventory ADD INDEX `idx_store_film` (`store_id`,`film_id`),ADD INDEX `idx_store_film` (`store_id`,`film_id`),ADD INDEX `idx_store_film` (`store_id`,`film_id`)",
    "Explain": null,
    "HeuristicRules": [
        {
            "Item": "KEY.004",
            "Severity": "L0",
            "Summary": "\u63d0\u9192\uff1a\u8bf7\u5c06\u7d22\u5f15\u5c5e\u6027\u987a\u5e8f\u4e0e\u67e5\u8be2\u5bf9\u9f50",
            "Content": "\u5982\u679c\u4e3a\u5217\u521b\u5efa\u590d\u5408\u7d22\u5f15\uff0c\u8bf7\u786e\u4fdd\u67e5\u8be2\u5c5e\u6027\u4e0e\u7d22\u5f15\u5c5e\u6027\u7684\u987a\u5e8f\u76f8\u540c\uff0c\u4ee5\u4fbfDBMS\u5728\u5904\u7406\u67e5\u8be2\u65f6\u4f7f\u7528\u7d22\u5f15\u3002\u5982\u679c\u67e5\u8be2\u548c\u7d22\u5f15\u5c5e\u6027\u8ba2\u5355\u6ca1\u6709\u5bf9\u9f50\uff0c\u90a3\u4e48DBMS\u53ef\u80fd\u65e0\u6cd5\u5728\u67e5\u8be2\u5904\u7406\u671f\u95f4\u4f7f\u7528\u7d22\u5f15\u3002",
            "Case": "create index idx1 on tbl (last_name,first_name)",
            "Position": 0
        }
    ],
    "IndexRules": null,
    "Tables": [
        "`information_schema`.`inventory`"
    ]
}
