{
    "ID": "C77607894B4EFCC6",
    "Fingerprint": "drop table `users`",
    "Score": 100,
    "Sample": "DROP TABLE `users`",
    "Explain": null,
    "HeuristicRules": [
        {
            "Item": "SEC.003",
            "Severity": "L0",
            "Summary": "\u4f7f\u7528DELETE\/DROP\/TRUNCATE\u7b49\u64cd\u4f5c\u65f6\u6ce8\u610f\u5907\u4efd",
            "Content": "\u5728\u6267\u884c\u9ad8\u5371\u64cd\u4f5c\u4e4b\u524d\u5bf9\u6570\u636e\u8fdb\u884c\u5907\u4efd\u662f\u5341\u5206\u6709\u5fc5\u8981\u7684\u3002",
            "Case": "delete from table where col = 'condition'",
            "Position": 0
        }
    ],
    "IndexRules": null,
    "Tables": [
        "`information_schema`.`users`"
    ]
}
