{
    "ID": "E759EFCE5B432198",
    "Fingerprint": "delete city from city left join country on city.country_id=country.country_id where country.country is null",
    "Score": 80,
    "Sample": "DELETE city FROM city LEFT JOIN country ON city.country_id=country.country_id WHERE country.country IS NULL",
    "Explain": null,
    "HeuristicRules": [
        {
            "Item": "JOI.007",
            "Severity": "L4",
            "Summary": "\u4e0d\u5efa\u8bae\u4f7f\u7528\u8054\u8868\u5220\u9664\u6216\u66f4\u65b0",
            "Content": "\u5f53\u9700\u8981\u540c\u65f6\u5220\u9664\u6216\u66f4\u65b0\u591a\u5f20\u8868\u65f6\u5efa\u8bae\u4f7f\u7528\u7b80\u5355\u8bed\u53e5\uff0c\u4e00\u6761 SQL \u53ea\u5220\u9664\u6216\u66f4\u65b0\u4e00\u5f20\u8868\uff0c\u5c3d\u91cf\u4e0d\u8981\u5c06\u591a\u5f20\u8868\u7684\u64cd\u4f5c\u5728\u540c\u4e00\u6761\u8bed\u53e5\u3002",
            "Case": "UPDATE users u LEFT JOIN hobby h ON u.id = h.uid SET u.name = 'pianoboy' WHERE h.hobby = 'piano';",
            "Position": 0
        },
        {
            "Item": "SEC.003",
            "Severity": "L0",
            "Summary": "\u4f7f\u7528DELETE\/DROP\/TRUNCATE\u7b49\u64cd\u4f5c\u65f6\u6ce8\u610f\u5907\u4efd",
            "Content": "\u5728\u6267\u884c\u9ad8\u5371\u64cd\u4f5c\u4e4b\u524d\u5bf9\u6570\u636e\u8fdb\u884c\u5907\u4efd\u662f\u5341\u5206\u6709\u5fc5\u8981\u7684\u3002",
            "Case": "delete from table where col = 'condition'",
            "Position": 0
        }
    ],
    "IndexRules": null,
    "Tables": [
        "`information_schema`.`city`",
        "`information_schema`.`country`"
    ]
}
