{
    "ID": "67B0C3CE9FA26F37",
    "Fingerprint": "update city inner join country on city.country_id=country.country_id inner join address on city.city_id=address.city_id set city.city=?,city.last_update=?,country.country=? where city.city_id=?",
    "Score": 80,
    "Sample": "UPDATE city INNER JOIN country ON city.country_id=country.country_id INNER JOIN address ON city.city_id=address.city_id SET city.city='Abha',city.last_update='2006-02-15 04:45:25',country.country='Afghanistan' WHERE city.city_id=10",
    "Explain": null,
    "HeuristicRules": [
        {
            "Item": "JOI.007",
            "Severity": "L4",
            "Summary": "\u4e0d\u5efa\u8bae\u4f7f\u7528\u8054\u8868\u5220\u9664\u6216\u66f4\u65b0",
            "Content": "\u5f53\u9700\u8981\u540c\u65f6\u5220\u9664\u6216\u66f4\u65b0\u591a\u5f20\u8868\u65f6\u5efa\u8bae\u4f7f\u7528\u7b80\u5355\u8bed\u53e5\uff0c\u4e00\u6761 SQL \u53ea\u5220\u9664\u6216\u66f4\u65b0\u4e00\u5f20\u8868\uff0c\u5c3d\u91cf\u4e0d\u8981\u5c06\u591a\u5f20\u8868\u7684\u64cd\u4f5c\u5728\u540c\u4e00\u6761\u8bed\u53e5\u3002",
            "Case": "UPDATE users u LEFT JOIN hobby h ON u.id = h.uid SET u.name = 'pianoboy' WHERE h.hobby = 'piano';",
            "Position": 0
        }
    ],
    "IndexRules": null,
    "Tables": [
        "`information_schema`.`address`",
        "`information_schema`.`city`",
        "`information_schema`.`country`"
    ]
}
