-
    id: '1'
    select_type: SIMPLE
    table: admin_users
    partitions: null
    type: ALL
    possible_keys: PRIMARY
    key: null
    key_len: null
    ref: null
    rows: '1'
    filtered: '100.00'
    Extra: null
