{
    "-config": "-config",
    "-test-dsn": "-test-dsn=you_user:you_password@you_host:you_port\/you_dbname?host=you_host&port=you_port",
    "-online-dsn": "-online-dsn=:********@127.0.0.1:3306\/information_schema?net=tcp&charset=utf8&collation=utf8mb4_general_ci&loc=UTC&tls=&server-public-key=&max-allowed-packet=4194304&params[charset]=utf8&timeout=3s&read-timeout=0s&write-timeout=0s&allow-native-passwords=1&allow-old-passwords=0",
    "-allow-online-as-test": "-allow-online-as-test=false",
    "-blacklist": "-blacklist=",
    "-explain": "-explain=true",
    "-ignore-rules": "-ignore-rules=COL.011",
    "-log-level": "-log-level=3",
    "-log-output": "-log-output=\/Users\/yaozm\/Documents\/develop\/soar-php\/bin\/soar.log",
    "-report-type": "-report-type=markdown",
    "-allow-charsets": "-allow-charsets=utf8,utf8mb4",
    "-allow-collates": "-allow-collates=",
    "-allow-drop-index": "-allow-drop-index=false",
    "-allow-engines": "-allow-engines=innodb",
    "-check-config": "-check-config",
    "-cleanup-test-database": "-cleanup-test-database=false",
    "-column-not-allow-type": "-column-not-allow-type=boolean",
    "-delimiter": "-delimiter=;",
    "-drop-test-temporary": "-drop-test-temporary=true",
    "-dry-run": "-dry-run=true",
    "-explain-format": "-explain-format=traditional",
    "-explain-max-filtered": "-explain-max-filtered=100",
    "-explain-max-keys": "-explain-max-keys=3",
    "-explain-max-rows": "-explain-max-rows=10000",
    "-explain-min-keys": "-explain-min-keys=0",
    "-explain-sql-report-type": "-explain-sql-report-type=pretty",
    "-explain-type": "-explain-type=extended",
    "-explain-warn-access-type": "-explain-warn-access-type=ALL",
    "-explain-warn-extra": "-explain-warn-extra=Using temporary,Using filesort",
    "-explain-warn-scalability": "-explain-warn-scalability=O(n)",
    "-explain-warn-select-type": "-explain-warn-select-type=",
    "-help": "-help",
    "-index-prefix": "-index-prefix=idx_",
    "-list-heuristic-rules": "-list-heuristic-rules=false",
    "-list-report-types": "-list-report-types=false",
    "-list-rewrite-rules": "-list-rewrite-rules=false",
    "-list-test-sqls": "-list-test-sqls=false",
    "-log_err_stacks": "-log_err_stacks",
    "-log_rotate_max_size": "-log_rotate_max_size=1887436800",
    "-markdown-extensions": "-markdown-extensions=94",
    "-markdown-html-flags": "-markdown-html-flags=0",
    "-max-column-count": "-max-column-count=40",
    "-max-distinct-count": "-max-distinct-count=5",
    "-max-group-by-cols-count": "-max-group-by-cols-count=5",
    "-max-in-count": "-max-in-count=10",
    "-max-index-bytes": "-max-index-bytes=3072",
    "-max-index-bytes-percolumn": "-max-index-bytes-percolumn=767",
    "-max-index-cols-count": "-max-index-cols-count=5",
    "-max-index-count": "-max-index-count=10",
    "-max-join-table-count": "-max-join-table-count=5",
    "-max-pretty-sql-length": "-max-pretty-sql-length=1024",
    "-max-query-cost": "-max-query-cost=9999",
    "-max-subquery-depth": "-max-subquery-depth=5",
    "-max-text-cols-count": "-max-text-cols-count=2",
    "-max-total-rows": "-max-total-rows=9999999",
    "-max-value-count": "-max-value-count=100",
    "-max-varchar-length": "-max-varchar-length=1024",
    "-min-cardinality": "-min-cardinality=0",
    "-only-syntax-check": "-only-syntax-check=false",
    "-print-config": "-print-config",
    "-profiling": "-profiling=false",
    "-query": "-query=",
    "-report-css": "-report-css=",
    "-report-javascript": "-report-javascript=",
    "-report-title": "-report-title=SQL\u4f18\u5316\u5206\u6790\u62a5\u544a",
    "-rewrite-rules": "-rewrite-rules=delimiter,orderbynull,groupbyconst,dmlorderby,having,star2columns,insertcolumns,distinctstar",
    "-sampling": "-sampling=false",
    "-sampling-condition": "-sampling-condition=",
    "-sampling-statistic-target": "-sampling-statistic-target=100",
    "-show-last-query-cost": "-show-last-query-cost=false",
    "-show-warnings": "-show-warnings=false",
    "-spaghetti-query-length": "-spaghetti-query-length=2048",
    "-trace": "-trace=false",
    "-unique-key-prefix": "-unique-key-prefix=uk_",
    "-verbose": "-verbose=false",
    "-version": "-version"
}
