Version: 2023-12-15 17:13:07 +0800 0.11.0-148-g5ed8574
Branch: dev
Compile: 2024-01-16 15:35:51 +0800 by go version go1.21.5 darwin/arm64
GitDirty:       12
