[
    {
        "Name": "dml2select",
        "Description": "\u5c06\u6570\u636e\u5e93\u66f4\u65b0\u8bf7\u6c42\u8f6c\u6362\u4e3a\u53ea\u8bfb\u67e5\u8be2\u8bf7\u6c42\uff0c\u4fbf\u4e8e\u6267\u884cEXPLAIN",
        "Original": "DELETE FROM film WHERE length > 100",
        "Suggest": "select * from film where length > 100"
    },
    {
        "Name": "reg2select",
        "Description": "\u4f7f\u7528\u6b63\u5219\u7684\u65b9\u5f0f\u5c06\u6570\u636e\u5e93\u66f4\u65b0\u8bf7\u6c42\u8f6c\u6362\u4e3a\u53ea\u8bfb\u67e5\u8be2\u8bf7\u6c42\uff0c\u4fbf\u4e8e\u6267\u884cEXPLAIN",
        "Original": "DELETE FROM film WHERE length > 100",
        "Suggest": "select * from film where length > 100"
    },
    {
        "Name": "star2columns",
        "Description": "\u4e3aSELECT *\u8865\u5168\u8868\u7684\u5217\u4fe1\u606f",
        "Original": "SELECT * FROM film",
        "Suggest": "select film.film_id, film.title from film"
    },
    {
        "Name": "insertcolumns",
        "Description": "\u4e3aINSERT\u8865\u5168\u8868\u7684\u5217\u4fe1\u606f",
        "Original": "insert into film values(1,2,3,4,5)",
        "Suggest": "insert into film(film_id, title, description, release_year, language_id) values (1, 2, 3, 4, 5)"
    },
    {
        "Name": "having",
        "Description": "\u5c06\u67e5\u8be2\u7684 HAVING \u5b50\u53e5\u6539\u5199\u4e3a WHERE \u4e2d\u7684\u67e5\u8be2\u6761\u4ef6",
        "Original": "SELECT state, COUNT(*) FROM Drivers GROUP BY state HAVING state IN ('GA', 'TX') ORDER BY state",
        "Suggest": "select state, COUNT(*) from Drivers where state in ('GA', 'TX') group by state order by state asc"
    },
    {
        "Name": "orderbynull",
        "Description": "\u5982\u679c GROUP BY \u8bed\u53e5\u4e0d\u6307\u5b9a ORDER BY \u6761\u4ef6\u4f1a\u5bfc\u81f4\u65e0\u8c13\u7684\u6392\u5e8f\u4ea7\u751f\uff0c\u5982\u679c\u4e0d\u9700\u8981\u6392\u5e8f\u5efa\u8bae\u6dfb\u52a0 ORDER BY NULL",
        "Original": "SELECT sum(col1) FROM tbl GROUP BY col",
        "Suggest": "select sum(col1) from tbl group by col order by null"
    },
    {
        "Name": "unionall",
        "Description": "\u53ef\u4ee5\u63a5\u53d7\u91cd\u590d\u7684\u65f6\u95f4\uff0c\u4f7f\u7528 UNION ALL \u66ff\u4ee3 UNION \u4ee5\u63d0\u9ad8\u67e5\u8be2\u6548\u7387",
        "Original": "select country_id from city union select country_id from country",
        "Suggest": "select country_id from city union all select country_id from country"
    },
    {
        "Name": "or2in",
        "Description": "\u5c06\u540c\u4e00\u5217\u4e0d\u540c\u6761\u4ef6\u7684 OR \u67e5\u8be2\u8f6c\u5199\u4e3a IN \u67e5\u8be2",
        "Original": "select country_id from city where col1 = 1 or (col2 = 1 or col2 = 2 ) or col1 = 3;",
        "Suggest": "select country_id from city where (col2 in (1, 2)) or col1 in (1, 3);"
    },
    {
        "Name": "innull",
        "Description": "\u5982\u679c IN \u6761\u4ef6\u4e2d\u53ef\u80fd\u6709 NULL \u503c\u800c\u53c8\u60f3\u5339\u914d NULL \u503c\u65f6\uff0c\u5efa\u8bae\u6dfb\u52a0OR col IS NULL",
        "Original": "\u6682\u4e0d\u652f\u6301",
        "Suggest": "\u6682\u4e0d\u652f\u6301"
    },
    {
        "Name": "or2union",
        "Description": "\u5c06\u4e0d\u540c\u5217\u7684 OR \u67e5\u8be2\u8f6c\u4e3a UNION \u67e5\u8be2\uff0c\u5efa\u8bae\u7ed3\u5408 unionall \u91cd\u5199\u7b56\u7565\u4e00\u8d77\u4f7f\u7528",
        "Original": "\u6682\u4e0d\u652f\u6301",
        "Suggest": "\u6682\u4e0d\u652f\u6301"
    },
    {
        "Name": "dmlorderby",
        "Description": "\u5220\u9664 DML \u66f4\u65b0\u64cd\u4f5c\u4e2d\u65e0\u610f\u4e49\u7684 ORDER BY",
        "Original": "DELETE FROM tbl WHERE col1=1 ORDER BY col",
        "Suggest": "delete from tbl where col1 = 1"
    },
    {
        "Name": "sub2join",
        "Description": "\u5c06\u5b50\u67e5\u8be2\u8f6c\u6362\u4e3aJOIN\u67e5\u8be2",
        "Original": "\u6682\u4e0d\u652f\u6301",
        "Suggest": "\u6682\u4e0d\u652f\u6301"
    },
    {
        "Name": "join2sub",
        "Description": "\u5c06JOIN\u67e5\u8be2\u8f6c\u6362\u4e3a\u5b50\u67e5\u8be2",
        "Original": "\u6682\u4e0d\u652f\u6301",
        "Suggest": "\u6682\u4e0d\u652f\u6301"
    },
    {
        "Name": "distinctstar",
        "Description": "DISTINCT *\u5bf9\u6709\u4e3b\u952e\u7684\u8868\u6ca1\u6709\u610f\u4e49\uff0c\u53ef\u4ee5\u5c06DISTINCT\u5220\u6389",
        "Original": "SELECT DISTINCT * FROM film;",
        "Suggest": "SELECT * FROM film"
    },
    {
        "Name": "standard",
        "Description": "SQL\u6807\u51c6\u5316\uff0c\u5982\uff1a\u5173\u952e\u5b57\u8f6c\u6362\u4e3a\u5c0f\u5199",
        "Original": "SELECT sum(col1) FROM tbl GROUP BY 1;",
        "Suggest": "select sum(col1) from tbl group by 1"
    },
    {
        "Name": "mergealter",
        "Description": "\u5408\u5e76\u540c\u4e00\u5f20\u8868\u7684\u591a\u6761ALTER\u8bed\u53e5",
        "Original": "ALTER TABLE t2 DROP COLUMN c;ALTER TABLE t2 DROP COLUMN d;",
        "Suggest": "ALTER TABLE t2 DROP COLUMN c, DROP COLUMN d;"
    },
    {
        "Name": "alwaystrue",
        "Description": "\u5220\u9664\u65e0\u7528\u7684\u6052\u771f\u5224\u65ad\u6761\u4ef6",
        "Original": "SELECT count(col) FROM tbl where 'a'= 'a' or ('b' = 'b' and a = 'b');",
        "Suggest": "select count(col) from tbl where (a = 'b');"
    },
    {
        "Name": "countstar",
        "Description": "\u4e0d\u5efa\u8bae\u4f7f\u7528COUNT(col)\u6216COUNT(\u5e38\u91cf)\uff0c\u5efa\u8bae\u6539\u5199\u4e3aCOUNT(*)",
        "Original": "SELECT count(col) FROM tbl GROUP BY 1;",
        "Suggest": "SELECT count(*) FROM tbl GROUP BY 1;"
    },
    {
        "Name": "innodb",
        "Description": "\u5efa\u8868\u65f6\u5efa\u8bae\u4f7f\u7528InnoDB\u5f15\u64ce\uff0c\u975e InnoDB \u5f15\u64ce\u8868\u81ea\u52a8\u8f6c InnoDB",
        "Original": "CREATE TABLE t1(id bigint(20) NOT NULL AUTO_INCREMENT);",
        "Suggest": "create table t1 (\n\tid bigint(20) not null auto_increment\n) ENGINE=InnoDB;"
    },
    {
        "Name": "autoincrement",
        "Description": "\u5c06autoincrement\u521d\u59cb\u5316\u4e3a1",
        "Original": "CREATE TABLE t1(id bigint(20) NOT NULL AUTO_INCREMENT) ENGINE=InnoDB AUTO_INCREMENT=123802;",
        "Suggest": "create table t1(id bigint(20) not null auto_increment) ENGINE=InnoDB auto_increment=1;"
    },
    {
        "Name": "intwidth",
        "Description": "\u6574\u578b\u6570\u636e\u7c7b\u578b\u4fee\u6539\u9ed8\u8ba4\u663e\u793a\u5bbd\u5ea6",
        "Original": "create table t1 (id int(20) not null auto_increment) ENGINE=InnoDB;",
        "Suggest": "create table t1 (id int(10) not null auto_increment) ENGINE=InnoDB;"
    },
    {
        "Name": "truncate",
        "Description": "\u4e0d\u5e26 WHERE \u6761\u4ef6\u7684 DELETE \u64cd\u4f5c\u5efa\u8bae\u4fee\u6539\u4e3a TRUNCATE",
        "Original": "DELETE FROM tbl",
        "Suggest": "truncate table tbl"
    },
    {
        "Name": "rmparenthesis",
        "Description": "\u53bb\u9664\u6ca1\u6709\u610f\u4e49\u7684\u62ec\u53f7",
        "Original": "select col from table where (col = 1);",
        "Suggest": "select col from table where col = 1;"
    },
    {
        "Name": "delimiter",
        "Description": "\u8865\u5168DELIMITER",
        "Original": "use sakila",
        "Suggest": "use sakila;"
    }
]
